0 verbose cli /usr/local/bin/node /usr/local/bin/npm
1 info using npm@12.0.2
2 info using node@v24.18.1
3 silly config load:file:/usr/local/lib/node_modules/npm/npmrc
4 silly config load:file:/home/container/.npmrc
5 silly config load:file:/usr/local/etc/npmrc
6 verbose title npm install
7 verbose argv "install"
8 verbose logfile logs-max:10 dir:/home/container/.npm/_logs/2026-08-04T05_09_41_479Z-
9 verbose logfile /home/container/.npm/_logs/2026-08-04T05_09_41_479Z-debug-0.log
10 silly logfile start cleaning logs, removing 1 files
11 silly logfile done cleaning log files
12 silly packumentCache heap:271581184 maxSize:67895296 maxEntrySize:33947648
13 silly idealTree buildDeps
14 silly fetch manifest undici@^5.11.0 || ^6.0.0
15 silly packumentCache full:https://registry.npmjs.org/undici cache-miss
16 http fetch GET 200 https://registry.npmjs.org/undici 1406ms (cache revalidated)
17 silly packumentCache full:https://registry.npmjs.org/undici set size:1531430 disposed:false
18 silly placeDep node_modules/axios-cookiejar-support undici@6.28.0 OK for: http-cookie-agent@6.0.8 want: ^5.11.0 || ^6.0.0
19 silly reify moves {}
20 silly audit bulk request {
20 silly audit   '@adiwajshing/keyed-db': [ '0.2.4' ],
20 silly audit   '@borewit/text-codec': [ '0.2.2' ],
20 silly audit   '@cacheable/memory': [ '2.2.0' ],
20 silly audit   '@cacheable/node-cache': [ '1.7.6' ],
20 silly audit   '@cacheable/utils': [ '2.5.0' ],
20 silly audit   '@distube/ytdl-core': [ '4.16.12' ],
20 silly audit   '@emnapi/runtime': [ '1.11.3' ],
20 silly audit   '@ffmpeg/ffmpeg': [ '0.12.15' ],
20 silly audit   '@ffmpeg/types': [ '0.12.4' ],
20 silly audit   '@hapi/boom': [ '10.0.1', '9.1.4' ],
20 silly audit   '@hapi/hoek': [ '11.0.7', '9.3.0' ],
20 silly audit   '@img/sharp-darwin-arm64': [ '0.33.5' ],
20 silly audit   '@img/sharp-darwin-x64': [ '0.33.5' ],
20 silly audit   '@img/sharp-libvips-darwin-arm64': [ '1.0.4' ],
20 silly audit   '@img/sharp-libvips-darwin-x64': [ '1.0.4' ],
20 silly audit   '@img/sharp-libvips-linux-arm': [ '1.0.5' ],
20 silly audit   '@img/sharp-libvips-linux-arm64': [ '1.0.4' ],
20 silly audit   '@img/sharp-libvips-linux-s390x': [ '1.0.4' ],
20 silly audit   '@img/sharp-libvips-linux-x64': [ '1.0.4' ],
20 silly audit   '@img/sharp-libvips-linuxmusl-arm64': [ '1.0.4' ],
20 silly audit   '@img/sharp-libvips-linuxmusl-x64': [ '1.0.4' ],
20 silly audit   '@img/sharp-linux-arm': [ '0.33.5' ],
20 silly audit   '@img/sharp-linux-arm64': [ '0.33.5' ],
20 silly audit   '@img/sharp-linux-s390x': [ '0.33.5' ],
20 silly audit   '@img/sharp-linux-x64': [ '0.33.5' ],
20 silly audit   '@img/sharp-linuxmusl-arm64': [ '0.33.5' ],
20 silly audit   '@img/sharp-linuxmusl-x64': [ '0.33.5' ],
20 silly audit   '@img/sharp-wasm32': [ '0.33.5' ],
20 silly audit   '@img/sharp-win32-ia32': [ '0.33.5' ],
20 silly audit   '@img/sharp-win32-x64': [ '0.33.5' ],
20 silly audit   '@jimp/core': [ '1.6.1' ],
20 silly audit   'file-type': [ '21.3.4', '16.5.4' ],
20 silly audit   strtok3: [ '10.3.5', '6.3.0' ],
20 silly audit   'token-types': [ '6.1.2', '4.2.1' ],
20 silly audit   '@jimp/diff': [ '1.6.1' ],
20 silly audit   '@jimp/file-ops': [ '1.6.1' ],
20 silly audit   '@jimp/js-bmp': [ '1.6.1' ],
20 silly audit   '@jimp/js-gif': [ '1.6.1' ],
20 silly audit   '@jimp/js-jpeg': [ '1.6.1' ],
20 silly audit   '@jimp/js-png': [ '1.6.1' ],
20 silly audit   '@jimp/js-tiff': [ '1.6.1' ],
20 silly audit   '@jimp/plugin-blit': [ '1.6.1' ],
20 silly audit   '@jimp/plugin-blur': [ '1.6.1' ],
20 silly audit   '@jimp/plugin-circle': [ '1.6.1' ],
20 silly audit   '@jimp/plugin-color': [ '1.6.1' ],
20 silly audit   '@jimp/plugin-contain': [ '1.6.1' ],
20 silly audit   '@jimp/plugin-cover': [ '1.6.1' ],
20 silly audit   '@jimp/plugin-crop': [ '1.6.1' ],
20 silly audit   '@jimp/plugin-displace': [ '1.6.1' ],
20 silly audit   '@jimp/plugin-dither': [ '1.6.1' ],
20 silly audit   '@jimp/plugin-fisheye': [ '1.6.1' ],
20 silly audit   '@jimp/plugin-flip': [ '1.6.1' ],
20 silly audit   '@jimp/plugin-hash': [ '1.6.1' ],
20 silly audit   '@jimp/plugin-mask': [ '1.6.1' ],
20 silly audit   '@jimp/plugin-print': [ '1.6.1' ],
20 silly audit   '@jimp/plugin-quantize': [ '1.6.1' ],
20 silly audit   '@jimp/plugin-resize': [ '1.6.1' ],
20 silly audit   '@jimp/plugin-rotate': [ '1.6.1' ],
20 silly audit   '@jimp/plugin-threshold': [ '1.6.1' ],
20 silly audit   '@jimp/types': [ '1.6.1' ],
20 silly audit   '@jimp/utils': [ '1.6.1' ],
20 silly audit   '@jsep-plugin/assignment': [ '1.3.0' ],
20 silly audit   '@jsep-plugin/regex': [ '1.0.4' ],
20 silly audit   '@keyv/bigmap': [ '1.3.1' ],
20 silly audit   '@keyv/serialize': [ '1.1.1' ],
20 silly audit   '@pinojs/redact': [ '0.4.0' ],
20 silly audit   '@protobufjs/aspromise': [ '1.1.2' ],
20 silly audit   '@protobufjs/base64': [ '1.1.2' ],
20 silly audit   '@protobufjs/codegen': [ '2.0.5' ],
20 silly audit   '@protobufjs/eventemitter': [ '1.1.1' ],
20 silly audit   '@protobufjs/fetch': [ '1.1.1' ],
20 silly audit   '@protobufjs/float': [ '1.0.2' ],
20 silly audit   '@protobufjs/inquire': [ '1.1.2' ],
20 silly audit   '@protobufjs/path': [ '1.1.2' ],
20 silly audit   '@protobufjs/pool': [ '1.1.0' ],
20 silly audit   '@protobufjs/utf8': [ '1.1.1' ],
20 silly audit   '@sindresorhus/is': [ '4.6.0' ],
20 silly audit   '@szmarczak/http-timer': [ '4.0.6' ],
20 silly audit   '@tokenizer/inflate': [ '0.4.1' ],
20 silly audit   '@tokenizer/token': [ '0.3.0' ],
20 silly audit   '@tootallnate/once': [ '2.0.1' ],
20 silly audit   '@types/cacheable-request': [ '6.0.3' ],
20 silly audit   '@types/http-cache-semantics': [ '4.2.0' ],
20 silly audit   '@types/keyv': [ '3.1.4' ],
20 silly audit   '@types/long': [ '4.0.2' ],
20 silly audit   '@types/node': [ '18.19.130', '16.9.1', '10.17.60' ],
20 silly audit   '@types/responselike': [ '1.0.3' ],
20 silly audit   '@whiskeysockets/baileys': [ '7.0.0-rc13' ],
20 silly audit   libsignal: [ '6.0.0', '2.0.1' ],
20 silly audit   pino: [ '9.14.0', '8.21.0' ],
20 silly audit   'pino-std-serializers': [ '7.1.0', '6.2.2' ],
20 silly audit   'process-warning': [ '5.1.0', '3.0.0' ],
20 silly audit   'thread-stream': [ '3.2.0', '2.7.0' ],
20 silly audit   abab: [ '2.0.6' ],
20 silly audit   'abort-controller': [ '3.0.0' ],
20 silly audit   'agent-base': [ '9.0.0', '7.1.4', '6.0.2' ],
20 silly audit   'ansi-regex': [ '5.0.1', '2.1.1', '3.0.1' ],
20 silly audit   'ansi-styles': [ '4.3.0' ],
20 silly audit   'any-base': [ '1.1.0' ],
20 silly audit   asn1: [ '0.2.6' ],
20 silly audit   'assert-plus': [ '1.0.0' ],
20 silly audit   async: [ '0.2.10', '1.5.2' ],
20 silly audit   'async-mutex': [ '0.5.0' ],
20 silly audit   'async.parallellimit': [ '0.5.2' ],
20 silly audit   'async.util.eachoflimit': [ '0.5.2' ],
20 silly audit   'async.util.isarray': [ '0.5.2' ],
20 silly audit   'async.util.isarraylike': [ '0.5.2' ],
20 silly audit   'async.util.keyiterator': [ '0.5.2' ],
20 silly audit   'async.util.keys': [ '0.5.2' ],
20 silly audit   'async.util.noop': [ '0.5.2' ],
20 silly audit   'async.util.once': [ '0.5.2' ],
20 silly audit   'async.util.onlyonce': [ '0.5.2' ],
20 silly audit   'async.util.parallel': [ '0.5.2' ],
20 silly audit   'async.util.restparam': [ '0.5.2' ],
20 silly audit   asynckit: [ '0.4.0' ],
20 silly audit   'atomic-sleep': [ '1.0.0' ],
20 silly audit   'await-to-js': [ '3.0.0' ],
20 silly audit   'awesome-phonenumber': [ '5.11.0' ],
20 silly audit   'aws-sign2': [ '0.7.0' ],
20 silly audit   aws4: [ '1.13.2' ],
20 silly audit   axios: [ '1.18.1', '0.21.4', '0.20.0' ],
20 silly audit   'axios-cookiejar-support': [ '5.0.5' ],
20 silly audit   'http-cookie-agent': [ '6.0.8', '7.0.4' ],
20 silly audit   'https-proxy-agent': [ '5.0.1', '7.0.6' ],
20 silly audit   'balanced-match': [ '1.0.2' ],
20 silly audit   'base64-js': [ '1.5.1' ],
20 silly audit   'bcrypt-pbkdf': [ '1.0.2' ],
20 silly audit   'bmp-ts': [ '1.0.9' ],
20 silly audit   boolbase: [ '1.0.0' ],
20 silly audit   boolstring: [ '1.0.2', '2.0.1' ],
20 silly audit   'brace-expansion': [ '1.1.15' ],
20 silly audit   buffer: [ '6.0.3' ],
20 silly audit   cacheable: [ '2.5.0' ],
20 silly audit   'cacheable-lookup': [ '5.0.4' ],
20 silly audit   'cacheable-request': [ '7.0.4' ],
20 silly audit   keyv: [ '4.5.4', '5.6.0' ],
20 silly audit   'call-bind-apply-helpers': [ '1.0.2' ],
20 silly audit   caseless: [ '0.12.0' ],
20 silly audit   centra: [ '2.7.0' ],
20 silly audit   chalk: [ '4.1.2' ],
20 silly audit   cheerio: [ '1.2.0', '1.0.0-rc.11', '1.0.0-rc.10' ],
20 silly audit   'cheerio-select': [ '2.1.0', '1.6.0' ],
20 silly audit   'cli-color': [ '1.2.0' ],
20 silly audit   cliui: [ '8.0.1', '3.2.0', '6.0.0' ],
20 silly audit   clone: [ '2.1.2' ],
20 silly audit   'clone-response': [ '1.0.3' ],
20 silly audit   'code-point-at': [ '1.1.0' ],
20 silly audit   color: [ '4.2.3' ],
20 silly audit   'color-convert': [ '2.0.1' ],
20 silly audit   'color-name': [ '1.1.4' ],
20 silly audit   'color-string': [ '1.9.1' ],
20 silly audit   'combined-stream': [ '1.0.8' ],
20 silly audit   commander: [ '14.0.3' ],
20 silly audit   'concat-map': [ '0.0.1' ],
20 silly audit   'content-type': [ '2.0.0' ],
20 silly audit   cookie: [ '0.5.0', '0.1.5' ],
20 silly audit   'core-util-is': [ '1.0.3', '1.0.2' ],
20 silly audit   'css-select': [ '5.2.2', '4.3.0' ],
20 silly audit   'css-what': [ '6.2.2' ],
20 silly audit   cssstyle: [ '3.0.0' ],
20 silly audit   'curve25519-js': [ '0.0.4' ],
20 silly audit   d: [ '1.0.2' ],
20 silly audit   dashdash: [ '1.14.1' ],
20 silly audit   dasu: [ '0.4.3' ],
20 silly audit   'data-urls': [ '4.0.0' ],
20 silly audit   punycode: [ '2.3.1', '1.3.2' ],
20 silly audit   tr46: [ '4.1.1', '0.0.3' ],
20 silly audit   'whatwg-mimetype': [ '3.0.0', '4.0.0' ],
20 silly audit   'whatwg-url': [ '12.0.1', '5.0.0' ],
20 silly audit   debug: [ '4.4.3' ],
20 silly audit   'decimal.js': [ '10.6.0' ],
20 silly audit   'decompress-response': [ '6.0.0' ],
20 silly audit   'mimic-response': [ '3.1.0', '1.0.1' ],
20 silly audit   'defer-to-connect': [ '2.0.1' ],
20 silly audit   'delayed-stream': [ '1.0.0' ],
20 silly audit   'detect-libc': [ '2.1.2' ],
20 silly audit   dijkstrajs: [ '1.0.3' ],
20 silly audit   'dom-serializer': [ '2.0.0', '1.4.1' ],
20 silly audit   domelementtype: [ '2.3.0' ],
20 silly audit   domexception: [ '4.0.0' ],
20 silly audit   domhandler: [ '5.0.3', '4.3.1' ],
20 silly audit   domutils: [ '3.2.2', '2.8.0' ],
20 silly audit   dotenv: [ '16.6.1' ],
20 silly audit   'dunder-proto': [ '1.0.1' ],
20 silly audit   'ecc-jsbn': [ '0.1.2' ],
20 silly audit   'emoji-regex': [ '8.0.0' ],
20 silly audit   'encoding-sniffer': [ '0.2.1' ],
20 silly audit   'end-of-stream': [ '1.4.5' ],
20 silly audit   entities: [ '4.5.0', '7.0.1', '6.0.1', '2.2.0' ],
20 silly audit   'error-ex': [ '1.3.4' ],
20 silly audit   'es-define-property': [ '1.0.1' ],
20 silly audit   'es-errors': [ '1.3.0' ],
20 silly audit   'es-object-atoms': [ '1.1.2' ],
20 silly audit   'es-set-tostringtag': [ '2.1.0' ],
20 silly audit   'es5-ext': [ '0.10.64' ],
20 silly audit   'es6-iterator': [ '2.0.3' ],
20 silly audit   'es6-symbol': [ '3.1.4' ],
20 silly audit   'es6-weak-map': [ '2.0.3' ],
20 silly audit   escalade: [ '3.2.0' ],
20 silly audit   esniff: [ '2.0.1' ],
20 silly audit   'event-emitter': [ '0.3.5' ],
20 silly audit   'event-target-shim': [ '5.0.1' ],
20 silly audit   events: [ '3.3.0' ],
20 silly audit   'exif-parser': [ '0.1.12' ],
20 silly audit   ext: [ '1.7.0' ],
20 silly audit   extend: [ '3.0.2' ],
20 silly audit   extsprintf: [ '1.3.0' ],
20 silly audit   'fast-deep-equal': [ '3.1.3' ],
20 silly audit   'fast-json-stable-stringify': [ '2.1.0' ],
20 silly audit   'fast-redact': [ '3.5.0' ],
20 silly audit   figlet: [ '1.11.4' ],
20 silly audit   'fluent-ffmpeg': [ '2.1.3' ],
20 silly audit   'follow-redirects': [ '1.16.0' ],
20 silly audit   'forever-agent': [ '0.6.1' ],
20 silly audit   'form-data': [ '4.0.6', '2.3.3' ],
20 silly audit   'fs-extra': [ '11.3.6' ],
20 silly audit   'function-bind': [ '1.1.2' ],
20 silly audit   'get-caller-file': [ '2.0.5', '1.0.3' ],
20 silly audit   'get-intrinsic': [ '1.3.0' ],
20 silly audit   'get-proto': [ '1.0.1' ],
20 silly audit   'get-stream': [ '5.2.0' ],
20 silly audit   getpass: [ '0.1.7' ],
20 silly audit   gifwrap: [ '0.10.1' ],
20 silly audit   'google-tts-api': [ '2.0.2' ],
20 silly audit   gopd: [ '1.2.0' ],
20 silly audit   got: [ '11.8.6' ],
20 silly audit   'graceful-fs': [ '4.2.11' ],
20 silly audit   gtts: [ '0.2.1' ],
20 silly audit   camelcase: [ '3.0.0', '5.3.1' ],
20 silly audit   decamelize: [ '1.2.0' ],
20 silly audit   'escape-string-regexp': [ '1.0.5' ],
20 silly audit   'find-up': [ '1.1.2', '4.1.0' ],
20 silly audit   'hosted-git-info': [ '2.8.9' ],
20 silly audit   'is-fullwidth-code-point': [ '1.0.0', '3.0.0', '2.0.0' ],
20 silly audit   'normalize-package-data': [ '2.5.0' ],
20 silly audit   'path-exists': [ '2.1.0', '4.0.0' ],
20 silly audit   'read-pkg': [ '1.1.0' ],
20 silly audit   'read-pkg-up': [ '1.0.1' ],
20 silly audit   'require-main-filename': [ '1.0.1', '2.0.0' ],
20 silly audit   semver: [ '5.7.2', '7.8.5' ],
20 silly audit   'string-width': [ '1.0.2', '2.1.1', '4.2.3' ],
20 silly audit   'strip-ansi': [ '3.0.1', '4.0.0', '6.0.1' ],
20 silly audit   'which-module': [ '1.0.0', '2.0.1' ],
20 silly audit   'wrap-ansi': [ '2.1.0', '6.2.0', '7.0.0' ],
20 silly audit   y18n: [ '3.2.2', '4.0.3', '5.0.8' ],
20 silly audit   yargs: [ '4.8.1', '15.4.1', '17.7.3' ],
20 silly audit   'yargs-parser': [ '2.4.1', '18.1.3', '21.1.1' ],
20 silly audit   'har-schema': [ '2.0.0' ],
20 silly audit   'har-validator': [ '5.1.5' ],
20 silly audit   ajv: [ '6.15.0' ],
20 silly audit   'json-schema-traverse': [ '0.4.1' ],
20 silly audit   'has-flag': [ '4.0.0' ],
20 silly audit   'has-symbols': [ '1.1.0' ],
20 silly audit   'has-tostringtag': [ '1.0.2' ],
20 silly audit   hashery: [ '1.5.1' ],
20 silly audit   hasown: [ '2.0.4' ],
20 silly audit   hookified: [ '1.15.1', '2.2.0' ],
20 silly audit   'html-encoding-sniffer': [ '3.0.0' ],
20 silly audit   'whatwg-encoding': [ '2.0.0', '3.1.1' ],
20 silly audit   htmlparser2: [ '10.1.0', '8.0.2', '6.1.0' ],
20 silly audit   'http-cache-semantics': [ '4.2.0' ],
20 silly audit   'http2-wrapper': [ '1.0.3' ],
20 silly audit   'human-readable': [ '0.2.1' ],
20 silly audit   'human-time': [ '0.0.2' ],
20 silly audit   'iconv-lite': [ '0.6.3', '0.6.2' ],
20 silly audit   ieee754: [ '1.2.1' ],
20 silly audit   'image-q': [ '4.0.0' ],
20 silly audit   inherits: [ '2.0.4' ],
20 silly audit   'invert-kv': [ '1.0.0' ],
20 silly audit   'is-arrayish': [ '0.2.1', '0.3.4' ],
20 silly audit   'is-core-module': [ '2.16.2' ],
20 silly audit   'is-potential-custom-element-name': [ '1.0.1' ],
20 silly audit   'is-promise': [ '2.2.2' ],
20 silly audit   'is-typedarray': [ '1.0.0' ],
20 silly audit   'is-utf8': [ '0.2.1' ],
20 silly audit   isarray: [ '1.0.0' ],
20 silly audit   isexe: [ '2.0.0' ],
20 silly audit   isstream: [ '0.1.2' ],
20 silly audit   jimp: [ '1.6.1' ],
20 silly audit   'jpeg-js': [ '0.4.4' ],
20 silly audit   jsbn: [ '0.1.1' ],
20 silly audit   jsdom: [ '22.1.0' ],
20 silly audit   'http-proxy-agent': [ '5.0.0' ],
20 silly audit   'tough-cookie': [ '4.1.4', '2.5.0', '5.1.2' ],
20 silly audit   universalify: [ '0.2.0', '2.0.1' ],
20 silly audit   jsep: [ '1.4.0' ],
20 silly audit   'json-buffer': [ '3.0.1' ],
20 silly audit   'json-schema': [ '0.4.0' ],
20 silly audit   'json-stringify-safe': [ '5.0.1' ],
20 silly audit   jsonfile: [ '6.2.1' ],
20 silly audit   'jsonpath-plus': [ '5.0.7', '10.3.0' ],
20 silly audit   keypress: [ '0.2.1' ],
20 silly audit   lcid: [ '1.0.0' ],
20 silly audit   'libphonenumber-js': [ '1.13.7' ],
20 silly audit   long: [ '4.0.0', '5.3.2' ],
20 silly audit   protobufjs: [ '6.8.8', '7.6.4' ],
20 silly audit   'link-preview-js': [ '3.2.0' ],
20 silly audit   'load-json-file': [ '1.1.0' ],
20 silly audit   'parse-json': [ '2.2.0' ],
20 silly audit   lodash: [ '4.18.1' ],
20 silly audit   'lodash.assign': [ '4.2.0' ],
20 silly audit   'lowercase-keys': [ '2.0.0' ],
20 silly audit   'lru-cache': [ '11.5.1' ],
20 silly audit   'lru-queue': [ '0.1.0' ],
20 silly audit   m3u8stream: [ '0.8.6' ],
20 silly audit   'math-intrinsics': [ '1.1.0' ],
20 silly audit   'media-typer': [ '2.0.0' ],
20 silly audit   memoizee: [ '0.4.17' ],
20 silly audit   mime: [ '3.0.0' ],
20 silly audit   'mime-db': [ '1.52.0' ],
20 silly audit   'mime-types': [ '2.1.35' ],
20 silly audit   'mimic-fn': [ '2.1.0' ],
20 silly audit   miniget: [ '4.2.3' ],
20 silly audit   minimist: [ '1.2.8' ],
20 silly audit   moment: [ '2.30.1' ],
20 silly audit   'moment-timezone': [ '0.5.48' ],
20 silly audit   ms: [ '2.1.3' ],
20 silly audit   multistream: [ '2.1.1' ],
20 silly audit   mumaker: [ '2.0.0' ],
20 silly audit   'music-metadata': [ '11.13.0' ],
20 silly audit   'next-tick': [ '1.1.0' ],
20 silly audit   'node-cache': [ '5.1.2' ],
20 silly audit   'node-fetch': [ '2.7.0' ],
20 silly audit   'webidl-conversions': [ '3.0.1', '7.0.0' ],
20 silly audit   'node-fzf': [ '0.5.3', '0.14.0' ],
20 silly audit   'node-id3': [ '0.2.9' ],
20 silly audit   'node-telegram-bot-api': [ '1.2.0' ],
20 silly audit   'node-webpmux': [ '3.2.1' ],
20 silly audit   'node-youtube-music': [ '0.8.3' ],
20 silly audit   'normalize-url': [ '6.1.0' ],
20 silly audit   'nth-check': [ '2.1.1' ],
20 silly audit   'number-is-nan': [ '1.0.1' ],
20 silly audit   nwsapi: [ '2.2.24' ],
20 silly audit   'oauth-sign': [ '0.9.0' ],
20 silly audit   omggif: [ '1.0.10' ],
20 silly audit   'on-exit-leak-free': [ '2.1.2' ],
20 silly audit   once: [ '1.4.0' ],
20 silly audit   onetime: [ '5.1.2' ],
20 silly audit   'os-locale': [ '1.4.0' ],
20 silly audit   'p-cancelable': [ '2.1.1' ],
20 silly audit   'p-queue': [ '9.3.0' ],
20 silly audit   eventemitter3: [ '5.0.4' ],
20 silly audit   'p-timeout': [ '7.0.1' ],
20 silly audit   'p-try': [ '2.2.0' ],
20 silly audit   pako: [ '1.0.11' ],
20 silly audit   'parse-bmfont-ascii': [ '1.0.6' ],
20 silly audit   'parse-bmfont-binary': [ '1.0.6' ],
20 silly audit   'parse-bmfont-xml': [ '1.1.6' ],
20 silly audit   parse5: [ '7.3.0', '6.0.1' ],
20 silly audit   'parse5-htmlparser2-tree-adapter': [ '7.1.0', '6.0.1' ],
20 silly audit   'parse5-parser-stream': [ '7.1.2' ],
20 silly audit   'path-parse': [ '1.0.7' ],
20 silly audit   'path-type': [ '1.1.0' ],
20 silly audit   'peek-readable': [ '4.1.0' ],
20 silly audit   'performance-now': [ '2.1.0' ],
20 silly audit   phin: [ '3.7.1' ],
20 silly audit   picocolors: [ '1.1.1' ],
20 silly audit   pify: [ '2.3.0' ],
20 silly audit   pinkie: [ '2.0.4' ],
20 silly audit   'pinkie-promise': [ '2.0.1' ],
20 silly audit   'pino-abstract-transport': [ '2.0.0', '1.2.0' ],
20 silly audit   'readable-stream': [ '4.7.0', '2.3.8' ],
20 silly audit   'sonic-boom': [ '3.8.1', '4.2.1' ],
20 silly audit   string_decoder: [ '1.3.0', '1.1.1' ],
20 silly audit   pixelmatch: [ '5.3.0' ],
20 silly audit   pngjs: [ '6.0.0', '7.0.0', '5.0.0' ],
20 silly audit   process: [ '0.11.10' ],
20 silly audit   'process-nextick-args': [ '2.0.1' ],
20 silly audit   'proxy-from-env': [ '2.1.0' ],
20 silly audit   psl: [ '1.15.0' ],
20 silly audit   pump: [ '3.0.4' ],
20 silly audit   qified: [ '0.10.1' ],
20 silly audit   qrcode: [ '1.5.4' ],
20 silly audit   'qrcode-reader': [ '1.0.4' ],
20 silly audit   'qrcode-terminal': [ '0.12.0' ],
20 silly audit   'locate-path': [ '5.0.0' ],
20 silly audit   'p-limit': [ '2.3.0' ],
20 silly audit   'p-locate': [ '4.1.0' ],
20 silly audit   querystring: [ '0.2.0' ],
20 silly audit   querystringify: [ '2.2.0' ],
20 silly audit   'quick-format-unescaped': [ '4.0.4' ],
20 silly audit   'quick-lru': [ '5.1.1' ],
20 silly audit   'safe-buffer': [ '5.1.2', '5.2.1' ],
20 silly audit   'readable-web-to-node-stream': [ '3.0.4' ],
20 silly audit   'real-require': [ '0.2.0' ],
20 silly audit   redstar: [ '0.0.2' ],
20 silly audit   minimatch: [ '3.0.8' ],
20 silly audit   request: [ '2.88.2' ],
20 silly audit   'http-signature': [ '1.2.0' ],
20 silly audit   jsprim: [ '1.4.2' ],
20 silly audit   qs: [ '6.5.5' ],
20 silly audit   uuid: [ '3.4.0' ],
20 silly audit   'require-directory': [ '2.1.1' ],
20 silly audit   'requires-port': [ '1.0.0' ],
20 silly audit   resolve: [ '1.22.12' ],
20 silly audit   'resolve-alpn': [ '1.2.1' ],
20 silly audit   responselike: [ '2.0.1' ],
20 silly audit   'restore-cursor': [ '3.1.0' ],
20 silly audit   'rrweb-cssom': [ '0.6.0' ],
20 silly audit   'ruhend-scraper': [ '8.3.0' ],
20 silly audit   'safe-stable-stringify': [ '2.5.0' ],
20 silly audit   'safer-buffer': [ '2.1.2' ],
20 silly audit   sax: [ '1.6.0' ],
20 silly audit   saxes: [ '6.0.0' ],
20 silly audit   'set-blocking': [ '2.0.0' ],
20 silly audit   'set-cookie': [ '0.0.4' ],
20 silly audit   sharp: [ '0.33.5' ],
20 silly audit   'signal-exit': [ '3.0.7' ],
20 silly audit   'simple-swizzle': [ '0.2.4' ],
20 silly audit   'simple-xml-to-json': [ '1.2.7' ],
20 silly audit   'spdx-correct': [ '3.2.0' ],
20 silly audit   'spdx-exceptions': [ '2.5.0' ],
20 silly audit   'spdx-expression-parse': [ '3.0.1' ],
20 silly audit   'spdx-license-ids': [ '3.0.23' ],
20 silly audit   split2: [ '4.2.0' ],
20 silly audit   sshpk: [ '1.18.0' ],
20 silly audit   'strip-bom': [ '2.0.0' ],
20 silly audit   'supports-color': [ '7.2.0' ],
20 silly audit   'supports-preserve-symlinks-flag': [ '1.0.0' ],
20 silly audit   'symbol-tree': [ '3.2.4' ],
20 silly audit   'timers-ext': [ '0.1.8' ],
20 silly audit   tinycolor2: [ '1.6.0' ],
20 silly audit   tldts: [ '6.1.86' ],
20 silly audit   'tldts-core': [ '6.1.86' ],
20 silly audit   'translate-google-api': [ '1.0.4' ],
20 silly audit   tslib: [ '2.8.1' ],
20 silly audit   ttys: [ '0.0.3' ],
20 silly audit   'tunnel-agent': [ '0.6.0' ],
20 silly audit   tweetnacl: [ '0.14.5' ],
20 silly audit   type: [ '2.7.3' ],
20 silly audit   'uint8array-extras': [ '1.5.0' ],
20 silly audit   undici: [ '7.28.0' ],
20 silly audit   'undici-types': [ '5.26.5' ],
20 silly audit   'uri-js': [ '4.4.1' ],
20 silly audit   url: [ '0.11.0' ],
20 silly audit   'url-parse': [ '1.5.10' ],
20 silly audit   utif2: [ '4.1.0' ],
20 silly audit   'util-deprecate': [ '1.0.2' ],
20 silly audit   'validate-npm-package-license': [ '3.0.4' ],
20 silly audit   verror: [ '1.10.0' ],
20 silly audit   'w3c-xmlserializer': [ '4.0.0' ],
20 silly audit   'whatsapp-rust-bridge': [ '0.5.4' ],
20 silly audit   which: [ '1.3.1' ],
20 silly audit   'win-guid': [ '0.2.1' ],
20 silly audit   'window-size': [ '0.2.0' ],
20 silly audit   wrappy: [ '1.0.2' ],
20 silly audit   ws: [ '8.21.0' ],
20 silly audit   'xml-name-validator': [ '4.0.0' ],
20 silly audit   'xml-parse-from-string': [ '1.0.1' ],
20 silly audit   xml2js: [ '0.5.0' ],
20 silly audit   xmlbuilder: [ '11.0.1' ],
20 silly audit   xmlchars: [ '2.2.0' ],
20 silly audit   'youtube-yts': [ '2.0.0' ],
20 silly audit   'youtubedl-core': [ '4.11.7' ],
20 silly audit   'yt-search': [ '2.13.1' ],
20 silly audit   'ytdl-core': [ '4.11.5' ],
20 silly audit   zod: [ '3.25.76' ]
20 silly audit }
21 http fetch POST 200 https://registry.npmjs.org/-/npm/v1/security/advisories/bulk 1300ms
22 silly audit report {
22 silly audit report   'file-type': [
22 silly audit report     {
22 silly audit report       id: 1114301,
22 silly audit report       url: 'https://github.com/advisories/GHSA-5v7r-6r5c-r473',
22 silly audit report       title: 'file-type affected by infinite loop in ASF parser on malformed input with zero-size sub-header',
22 silly audit report       severity: 'moderate',
22 silly audit report       vulnerable_versions: '>=13.0.0 <21.3.1',
22 silly audit report       cwe: [Array],
22 silly audit report       cvss: [Object]
22 silly audit report     }
22 silly audit report   ],
22 silly audit report   axios: [
22 silly audit report     {
22 silly audit report       id: 1102326,
22 silly audit report       url: 'https://github.com/advisories/GHSA-cph5-m8f7-6c5x',
22 silly audit report       title: 'axios Inefficient Regular Expression Complexity vulnerability',
22 silly audit report       severity: 'high',
22 silly audit report       vulnerable_versions: '<0.21.2',
22 silly audit report       cwe: [Array],
22 silly audit report       cvss: [Object]
22 silly audit report     },
22 silly audit report     {
22 silly audit report       id: 1111034,
22 silly audit report       url: 'https://github.com/advisories/GHSA-jr5f-v2jv-69x6',
22 silly audit report       title: 'axios Requests Vulnerable To Possible SSRF and Credential Leakage via Absolute URL',
22 silly audit report       severity: 'high',
22 silly audit report       vulnerable_versions: '<0.30.0',
22 silly audit report       cwe: [Array],
22 silly audit report       cvss: [Object]
22 silly audit report     },
22 silly audit report     {
22 silly audit report       id: 1119403,
22 silly audit report       url: 'https://github.com/advisories/GHSA-fvcv-3m26-pcqx',
22 silly audit report       title: 'Axios has Unrestricted Cloud Metadata Exfiltration via Header Injection Chain',
22 silly audit report       severity: 'moderate',
22 silly audit report       vulnerable_versions: '<0.31.0',
22 silly audit report       cwe: [Array],
22 silly audit report       cvss: [Object]
22 silly audit report     },
22 silly audit report     {
22 silly audit report       id: 1120124,
22 silly audit report       url: 'https://github.com/advisories/GHSA-62hf-57xw-28j9',
22 silly audit report       title: 'Axios: unbounded recursion in toFormData causes DoS via deeply nested request data',
22 silly audit report       severity: 'moderate',
22 silly audit report       vulnerable_versions: '<=0.31.0',
22 silly audit report       cwe: [Array],
22 silly audit report       cvss: [Object]
22 silly audit report     },
22 silly audit report     {
22 silly audit report       id: 1120546,
22 silly audit report       url: 'https://github.com/advisories/GHSA-hfxv-24rg-xrqf',
22 silly audit report       title: 'Axios: Regular Expression Denial of Service (ReDoS) via Cookie Name Injection',
22 silly audit report       severity: 'high',
22 silly audit report       vulnerable_versions: '<=0.31.1',
22 silly audit report       cwe: [Array],
22 silly audit report       cvss: [Object]
22 silly audit report     },
22 silly audit report     {
22 silly audit report       id: 1120644,
22 silly audit report       url: 'https://github.com/advisories/GHSA-p92q-9vqr-4j8v',
22 silly audit report       title: 'Axios: Proxy-Authorization Credential Leak to Origin Server Across HTTP-to-HTTPS Redirect in Axios Node.js HTTP Adapter',
22 silly audit report       severity: 'high',
22 silly audit report       vulnerable_versions: '<=0.31.1',
22 silly audit report       cwe: [Array],
22 silly audit report       cvss: [Object]
22 silly audit report     },
22 silly audit report     {
22 silly audit report       id: 1120646,
22 silly audit report       url: 'https://github.com/advisories/GHSA-j5f8-grm9-p9fc',
22 silly audit report       title: 'Axios: Proxy-Authorization header leaks to redirect target when proxy is re-evaluated to direct connection',
22 silly audit report       severity: 'high',
22 silly audit report       vulnerable_versions: '<=0.31.1',
22 silly audit report       cwe: [Array],
22 silly audit report       cvss: [Object]
22 silly audit report     },
22 silly audit report     {
22 silly audit report       id: 1120648,
22 silly audit report       url: 'https://github.com/advisories/GHSA-3g43-6gmg-66jw',
22 silly audit report       title: 'axios Vulnerable to Credential Theft and Response Hijacking via Prototype Pollution Gadget in Config Merge',
22 silly audit report       severity: 'high',
22 silly audit report       vulnerable_versions: '>=0.19.0 <0.31.1',
22 silly audit report       cwe: [Array],
22 silly audit report       cvss: [Object]
22 silly audit report     },
22 silly audit report     {
22 silly audit report       id: 1120651,
22 silly audit report       url: 'https://github.com/advisories/GHSA-898c-q2cr-xwhg',
22 silly audit report       title: 'axios has DoS & Header Injection via Prototype Pollution Read-Side Gadgets in axios merge functions',
22 silly audit report       severity: 'moderate',
22 silly audit report       vulnerable_versions: '<=0.31.1',
22 silly audit report       cwe: [Array],
22 silly audit report       cvss: [Object]
22 silly audit report     },
22 silly audit report     {
22 silly audit report       id: 1116672,
22 silly audit report       url: 'https://github.com/advisories/GHSA-3p68-rc4w-qgx5',
22 silly audit report       title: 'Axios has a NO_PROXY Hostname Normalization Bypass that Leads to SSRF',
22 silly audit report       severity: 'moderate',
22 silly audit report       vulnerable_versions: '<0.31.0',
22 silly audit report       cwe: [Array],
22 silly audit report       cvss: [Object]
22 silly audit report     },
22 silly audit report     {
22 silly audit report       id: 1090049,
22 silly audit report       url: 'https://github.com/advisories/GHSA-4w2v-q235-vp99',
22 silly audit report       title: 'Axios vulnerable to Server-Side Request Forgery',
22 silly audit report       severity: 'moderate',
22 silly audit report       vulnerable_versions: '<0.21.1',
22 silly audit report       cwe: [Array],
22 silly audit report       cvss: [Object]
22 silly audit report     },
22 silly audit report     {
22 silly audit report       id: 1117573,
22 silly audit report       url: 'https://github.com/advisories/GHSA-w9j2-pvgh-6h63',
22 silly audit report       title: 'Axios: Authentication Bypass via Prototype Pollution Gadget in `validateStatus` Merge Strategy',
22 silly audit report       severity: 'moderate',
22 silly audit report       vulnerable_versions: '<=0.31.0',
22 silly audit report       cwe: [Array],
22 silly audit report       cvss: [Object]
22 silly audit report     },
22 silly audit report     {
22 silly audit report       id: 1117575,
22 silly audit report       url: 'https://github.com/advisories/GHSA-pmwg-cvhr-8vh7',
22 silly audit report       title: 'Axios: Incomplete Fix for CVE-2025-62718 — NO_PROXY Protection Bypassed via RFC 1122 Loopback Subnet (127.0.0.0/8) in Axios 1.15.0',
22 silly audit report       severity: 'high',
22 silly audit report       vulnerable_versions: '<=0.31.0',
22 silly audit report       cwe: [Array],
22 silly audit report       cvss: [Object]
22 silly audit report     },
22 silly audit report     {
22 silly audit report       id: 1117579,
22 silly audit report       url: 'https://github.com/advisories/GHSA-xhjh-pmcv-23jw',
22 silly audit report       title: 'Axios: Null Byte Injection via Reverse-Encoding in AxiosURLSearchParams',
22 silly audit report       severity: 'low',
22 silly audit report       vulnerable_versions: '<=0.31.0',
22 silly audit report       cwe: [Array],
22 silly audit report       cvss: [Object]
22 silly audit report     },
22 silly audit report     {
22 silly audit report       id: 1117582,
22 silly audit report       url: 'https://github.com/advisories/GHSA-m7pr-hjqh-92cm',
22 silly audit report       title: 'Axios: no_proxy bypass via IP alias allows SSRF',
22 silly audit report       severity: 'moderate',
22 silly audit report       vulnerable_versions: '<=0.31.0',
22 silly audit report       cwe: [Array],
22 silly audit report       cvss: [Object]
22 silly audit report     },
22 silly audit report     {
22 silly audit report       id: 1117586,
22 silly audit report       url: 'https://github.com/advisories/GHSA-5c9x-8gcm-mpgx',
22 silly audit report       title: "Axios' HTTP adapter-streamed uploads bypass maxBodyLength when maxRedirects: 0",
22 silly audit report       severity: 'moderate',
22 silly audit report       vulnerable_versions: '<=0.31.0',
22 silly audit report       cwe: [Array],
22 silly audit report       cvss: [Object]
22 silly audit report     },
22 silly audit report     {
22 silly audit report       id: 1117588,
22 silly audit report       url: 'https://github.com/advisories/GHSA-vf2m-468p-8v99',
22 silly audit report       title: 'Axios: HTTP adapter streamed responses bypass maxContentLength',
22 silly audit report       severity: 'moderate',
22 silly audit report       vulnerable_versions: '<=0.31.0',
22 silly audit report       cwe: [Array],
22 silly audit report       cvss: [Object]
22 silly audit report     },
22 silly audit report     {
22 silly audit report       id: 1117590,
22 silly audit report       url: 'https://github.com/advisories/GHSA-pf86-5x62-jrwf',
22 silly audit report       title: 'Axios: Prototype Pollution Gadgets - Response Tampering, Data Exfiltration, and Request Hijacking',
22 silly audit report       severity: 'high',
22 silly audit report       vulnerable_versions: '<=0.31.0',
22 silly audit report       cwe: [Array],
22 silly audit report       cvss: [Object]
22 silly audit report     },
22 silly audit report     {
22 silly audit report       id: 1117592,
22 silly audit report       url: 'https://github.com/advisories/GHSA-6chq-wfr3-2hj9',
22 silly audit report       title: 'Axios: Header Injection via Prototype Pollution',
22 silly audit report       severity: 'high',
22 silly audit report       vulnerable_versions: '<=0.31.0',
22 silly audit report       cwe: [Array],
22 silly audit report       cvss: [Object]
22 silly audit report     },
22 silly audit report     {
22 silly audit report       id: 1117594,
22 silly audit report       url: 'https://github.com/advisories/GHSA-xx6v-rp6x-q39c',
22 silly audit report       title: 'Axios: XSRF Token Cross-Origin Leakage via Prototype Pollution Gadget in `withXSRFToken` Boolean Coercion',
22 silly audit report       severity: 'moderate',
22 silly audit report       vulnerable_versions: '<=0.31.0',
22 silly audit report       cwe: [Array],
22 silly audit report       cvss: [Object]
22 silly audit report     },
22 silly audit report     {
22 silly audit report       id: 1117857,
22 silly audit report       url: 'https://github.com/advisories/GHSA-43fc-jf86-j433',
22 silly audit report       title: 'Axios is Vulnerable to Denial of Service via __proto__ Key in mergeConfig',
22 silly audit report       severity: 'high',
22 silly audit report       vulnerable_versions: '<=0.30.2',
22 silly audit report       cwe: [Array],
22 silly audit report       cvss: [Object]
22 silly audit report     },
22 silly audit report     {
22 silly audit report       id: 1123825,
22 silly audit report       url: 'https://github.com/advisories/GHSA-pjwm-pj3p-43mv',
22 silly audit report       title: "axios's shouldBypassProxy does not recognize IPv4-mapped IPv6 addresses, allowing NO_PROXY bypass (incomplete fix for CVE-2025-62718)",
22 silly audit report       severity: 'high',
22 silly audit report       vulnerable_versions: '<=0.31.1',
22 silly audit report       cwe: [Array],
22 silly audit report       cvss: [Object]
22 silly audit report     },
22 silly audit report     {
22 silly audit report       id: 1123958,
22 silly audit report       url: 'https://github.com/advisories/GHSA-mmx7-hfxf-jppx',
22 silly audit report       title: 'Axios: Prototype pollution gadgets can alter axios request construction',
22 silly audit report       severity: 'moderate',
22 silly audit report       vulnerable_versions: '<0.33.0',
22 silly audit report       cwe: [Array],
22 silly audit report       cvss: [Object]
22 silly audit report     },
22 silly audit report     {
22 silly audit report       id: 1123972,
22 silly audit report       url: 'https://github.com/advisories/GHSA-7q8q-rj6j-mhjq',
22 silly audit report       title: 'Axios: Nested axios option objects can consume polluted prototype values',
22 silly audit report       severity: 'moderate',
22 silly audit report       vulnerable_versions: '>=0.8.0 <0.33.0',
22 silly audit report       cwe: [Array],
22 silly audit report       cvss: [Object]
22 silly audit report     },
22 silly audit report     {
22 silly audit report       id: 1097679,
22 silly audit report       url: 'https://github.com/advisories/GHSA-wf5p-g6vw-rhxx',
22 silly audit report       title: 'Axios Cross-Site Request Forgery Vulnerability',
22 silly audit report       severity: 'moderate',
22 silly audit report       vulnerable_versions: '>=0.8.1 <0.28.0',
22 silly audit report       cwe: [Array],
22 silly audit report       cvss: [Object]
22 silly audit report     }
22 silly audit report   ],
22 silly audit report   'brace-expansion': [
22 silly audit report     {
22 silly audit report       id: 1130588,
22 silly audit report       url: 'https://github.com/advisories/GHSA-mh99-v99m-4gvg',
22 silly audit report       title: 'brace-expansion: DoS via unbounded expansion length causing an out-of-memory process crash',
22 silly audit report       severity: 'high',
22 silly audit report       vulnerable_versions: '<1.1.17',
22 silly audit report       cwe: [Array],
22 silly audit report       cvss: [Object]
22 silly audit report     },
22 silly audit report     {
22 silly audit report       id: 1130737,
22 silly audit report       url: 'https://github.com/advisories/GHSA-rgw5-rvv9-x895',
22 silly audit report       title: 'brace-expansion: DoS via unbounded intermediate arrays, bypassing the CVE-2026-14257 mitigation',
22 silly audit report       severity: 'high',
22 silly audit report       vulnerable_versions: '<1.1.18',
22 silly audit report       cwe: [Array],
22 silly audit report       cvss: [Object]
22 silly audit report     },
22 silly audit report     {
22 silly audit report       id: 1123897,
22 silly audit report       url: 'https://github.com/advisories/GHSA-3jxr-9vmj-r5cp',
22 silly audit report       title: 'brace-expansion: DoS via exponential-time expansion of consecutive non-expanding {} groups',
22 silly audit report       severity: 'high',
22 silly audit report       vulnerable_versions: '<1.1.16',
22 silly audit report       cwe: [Array],
22 silly audit report       cvss: [Object]
22 silly audit report     }
22 silly audit report   ],
22 silly audit report   cookie: [
22 silly audit report     {
22 silly audit report       id: 1103907,
22 silly audit report       url: 'https://github.com/advisories/GHSA-pxg6-pf52-xh8x',
22 silly audit report       title: 'cookie accepts cookie name, path, and domain with out of bounds characters',
22 silly audit report       severity: 'low',
22 silly audit report       vulnerable_versions: '<0.7.0',
22 silly audit report       cwe: [Array],
22 silly audit report       cvss: [Object]
22 silly audit report     }
22 silly audit report   ],
22 silly audit report   'form-data': [
22 silly audit report     {
22 silly audit report       id: 1109540,
22 silly audit report       url: 'https://github.com/advisories/GHSA-fjxv-7rqg-78g4',
22 silly audit report       title: 'form-data uses unsafe random function in form-data for choosing boundary',
22 silly audit report       severity: 'critical',
22 silly audit report       vulnerable_versions: '<2.5.4',
22 silly audit report       cwe: [Array],
22 silly audit report       cvss: [Object]
22 silly audit report     },
22 silly audit report     {
22 silly audit report       id: 1120745,
22 silly audit report       url: 'https://github.com/advisories/GHSA-hmw2-7cc7-3qxx',
22 silly audit report       title: 'form-data: CRLF injection in form-data via unescaped multipart field names and filenames',
22 silly audit report       severity: 'high',
22 silly audit report       vulnerable_versions: '<2.5.6',
22 silly audit report       cwe: [Array],
22 silly audit report       cvss: [Object]
22 silly audit report     }
22 silly audit report   ],
22 silly audit report   'yargs-parser': [
22 silly audit report     {
22 silly audit report       id: 1088783,
22 silly audit report       url: 'https://github.com/advisories/GHSA-p9pc-299p-vxgp',
22 silly audit report       title: 'yargs-parser Vulnerable to Prototype Pollution',
22 silly audit report       severity: 'moderate',
22 silly audit report       vulnerable_versions: '<=5.0.0',
22 silly audit report       cwe: [Array],
22 silly audit report       cvss: [Object]
22 silly audit report     }
22 silly audit report   ],
22 silly audit report   'tough-cookie': [
22 silly audit report     {
22 silly audit report       id: 1097682,
22 silly audit report       url: 'https://github.com/advisories/GHSA-72xf-g2v4-qvf3',
22 silly audit report       title: 'tough-cookie Prototype Pollution vulnerability',
22 silly audit report       severity: 'moderate',
22 silly audit report       vulnerable_versions: '<4.1.3',
22 silly audit report       cwe: [Array],
22 silly audit report       cvss: [Object]
22 silly audit report     }
22 silly audit report   ],
22 silly audit report   'jsonpath-plus': [
22 silly audit report     {
22 silly audit report       id: 1102423,
22 silly audit report       url: 'https://github.com/advisories/GHSA-pppg-cpfq-h7wr',
22 silly audit report       title: 'JSONPath Plus Remote Code Execution (RCE) Vulnerability',
22 silly audit report       severity: 'critical',
22 silly audit report       vulnerable_versions: '<10.2.0',
22 silly audit report       cwe: [Array],
22 silly audit report       cvss: [Object]
22 silly audit report     },
22 silly audit report     {
22 silly audit report       id: 1102895,
22 silly audit report       url: 'https://github.com/advisories/GHSA-hw8r-x6gr-5gjp',
22 silly audit report       title: 'JSONPath Plus allows Remote Code Execution',
22 silly audit report       severity: 'high',
22 silly audit report       vulnerable_versions: '<10.3.0',
22 silly audit report       cwe: [Array],
22 silly audit report       cvss: [Object]
22 silly audit report     }
22 silly audit report   ],
22 silly audit report   protobufjs: [
22 silly audit report     {
22 silly audit report       id: 1118641,
22 silly audit report       url: 'https://github.com/advisories/GHSA-66ff-xgx4-vchm',
22 silly audit report       title: 'protobuf.js: Code injection through bytes field defaults in generated toObject code',
22 silly audit report       severity: 'high',
22 silly audit report       vulnerable_versions: '<=7.5.5',
22 silly audit report       cwe: [Array],
22 silly audit report       cvss: [Object]
22 silly audit report     },
22 silly audit report     {
22 silly audit report       id: 1118924,
22 silly audit report       url: 'https://github.com/advisories/GHSA-2pr8-phx7-x9h3',
22 silly audit report       title: 'protobuf.js: Denial of service from crafted field names in generated code',
22 silly audit report       severity: 'moderate',
22 silly audit report       vulnerable_versions: '<=7.5.5',
22 silly audit report       cwe: [Array],
22 silly audit report       cvss: [Object]
22 silly audit report     },
22 silly audit report     {
22 silly audit report       id: 1118926,
22 silly audit report       url: 'https://github.com/advisories/GHSA-fx83-v9x8-x52w',
22 silly audit report       title: 'protobuf.js: Prototype injection in generated message constructors',
22 silly audit report       severity: 'moderate',
22 silly audit report       vulnerable_versions: '<=7.5.5',
22 silly audit report       cwe: [Array],
22 silly audit report       cvss: [Object]
22 silly audit report     },
22 silly audit report     {
22 silly audit report       id: 1118928,
22 silly audit report       url: 'https://github.com/advisories/GHSA-75px-5xx7-5xc7',
22 silly audit report       title: 'protobuf.js: Code generation gadget after prototype pollution',
22 silly audit report       severity: 'high',
22 silly audit report       vulnerable_versions: '<=7.5.5',
22 silly audit report       cwe: [Array],
22 silly audit report       cvss: [Object]
22 silly audit report     },
22 silly audit report     {
22 silly audit report       id: 1118930,
22 silly audit report       url: 'https://github.com/advisories/GHSA-jvwf-75h9-cwgg',
22 silly audit report       title: 'protobuf.js: Process-wide denial of service through unsafe option paths',
22 silly audit report       severity: 'high',
22 silly audit report       vulnerable_versions: '<=7.5.5',
22 silly audit report       cwe: [Array],
22 silly audit report       cvss: [Object]
22 silly audit report     },
22 silly audit report     {
22 silly audit report       id: 1118932,
22 silly audit report       url: 'https://github.com/advisories/GHSA-685m-2w69-288q',
22 silly audit report       title: 'protobuf.js: Denial of service through unbounded protobuf recursion',
22 silly audit report       severity: 'high',
22 silly audit report       vulnerable_versions: '<=7.5.5',
22 silly audit report       cwe: [Array],
22 silly audit report       cvss: [Object]
22 silly audit report     },
22 silly audit report     {
22 silly audit report       id: 1118935,
22 silly audit report       url: 'https://github.com/advisories/GHSA-q6x5-8v7m-xcrf',
22 silly audit report       title: 'protobufjs has overlong UTF-8 decoding',
22 silly audit report       severity: 'moderate',
22 silly audit report       vulnerable_versions: '<=7.5.5',
22 silly audit report       cwe: [Array],
22 silly audit report       cvss: [Object]
22 silly audit report     },
22 silly audit report     {
22 silly audit report       id: 1119378,
22 silly audit report       url: 'https://github.com/advisories/GHSA-jggg-4jg4-v7c6',
22 silly audit report       title: 'protobufjs: Denial of Service via unbounded recursive JSON descriptor expansion',
22 silly audit report       severity: 'moderate',
22 silly audit report       vulnerable_versions: '<=7.5.7',
22 silly audit report       cwe: [Array],
22 silly audit report       cvss: [Object]
22 silly audit report     },
22 silly audit report     {
22 silly audit report       id: 1117571,
22 silly audit report       url: 'https://github.com/advisories/GHSA-xq3m-2v4x-88gg',
22 silly audit report       title: 'Arbitrary code execution in protobufjs',
22 silly audit report       severity: 'critical',
22 silly audit report       vulnerable_versions: '<7.5.5',
22 silly audit report       cwe: [Array],
22 silly audit report       cvss: [Object]
22 silly audit report     },
22 silly audit report     {
22 silly audit report       id: 1123488,
22 silly audit report       url: 'https://github.com/advisories/GHSA-wcpc-wj8m-hjx6',
22 silly audit report       title: 'protobufjs: Denial of service through unbounded Any expansion during JSON conversion',
22 silly audit report       severity: 'high',
22 silly audit report       vulnerable_versions: '<=7.6.0',
22 silly audit report       cwe: [Array],
22 silly audit report       cvss: [Object]
22 silly audit report     },
22 silly audit report     {
22 silly audit report       id: 1123492,
22 silly audit report       url: 'https://github.com/advisories/GHSA-f38q-mgvj-vph7',
22 silly audit report       title: 'protobufjs : Schema-derived names can shadow runtime-significant properties',
22 silly audit report       severity: 'moderate',
22 silly audit report       vulnerable_versions: '<=7.6.2',
22 silly audit report       cwe: [Array],
22 silly audit report       cvss: [Object]
22 silly audit report     },
22 silly audit report     {
22 silly audit report       id: 1123964,
22 silly audit report       url: 'https://github.com/advisories/GHSA-j3f2-48v5-ccww',
22 silly audit report       title: 'protobufjs: Denial of Service via infinite loop in .proto option parsing',
22 silly audit report       severity: 'moderate',
22 silly audit report       vulnerable_versions: '>=7.5.0 <=7.6.4',
22 silly audit report       cwe: [Array],
22 silly audit report       cvss: [Object]
22 silly audit report     }
22 silly audit report   ],
22 silly audit report   'link-preview-js': [
22 silly audit report     {
22 silly audit report       id: 1118723,
22 silly audit report       url: 'https://github.com/advisories/GHSA-4gp8-rjrq-ch6q',
22 silly audit report       title: 'link-preview-js vulnerable to IPv6 and internal loopback attacks',
22 silly audit report       severity: 'high',
22 silly audit report       vulnerable_versions: '<=4.0.0',
22 silly audit report       cwe: [Array],
22 silly audit report       cvss: [Object]
22 silly audit report     }
22 silly audit report   ],
22 silly audit report   minimatch: [
22 silly audit report     {
22 silly audit report       id: 1113459,
22 silly audit report       url: 'https://github.com/advisories/GHSA-3ppc-4f35-3m26',
22 silly audit report       title: 'minimatch has a ReDoS via repeated wildcards with non-matching literal in pattern',
22 silly audit report       severity: 'high',
22 silly audit report       vulnerable_versions: '<3.1.3',
22 silly audit report       cwe: [Array],
22 silly audit report       cvss: [Object]
22 silly audit report     },
22 silly audit report     {
22 silly audit report       id: 1113538,
22 silly audit report       url: 'https://github.com/advisories/GHSA-7r86-cg39-jmmj',
22 silly audit report       title: 'minimatch has ReDoS: matchOne() combinatorial backtracking via multiple non-adjacent GLOBSTAR segments',
22 silly audit report       severity: 'high',
22 silly audit report       vulnerable_versions: '<3.1.3',
22 silly audit report       cwe: [Array],
22 silly audit report       cvss: [Object]
22 silly audit report     },
22 silly audit report     {
22 silly audit report       id: 1113546,
22 silly audit report       url: 'https://github.com/advisories/GHSA-23c5-xmqv-rm74',
22 silly audit report       title: 'minimatch ReDoS: nested *() extglobs generate catastrophically backtracking regular expressions',
22 silly audit report       severity: 'high',
22 silly audit report       vulnerable_versions: '<3.1.4',
22 silly audit report       cwe: [Array],
22 silly audit report       cvss: [Object]
22 silly audit report     }
22 silly audit report   ],
22 silly audit report   request: [
22 silly audit report     {
22 silly audit report       id: 1096727,
22 silly audit report       url: 'https://github.com/advisories/GHSA-p8p7-x288-28g6',
22 silly audit report       title: 'Server-Side Request Forgery in Request',
22 silly audit report       severity: 'moderate',
22 silly audit report       vulnerable_versions: '<=2.88.2',
22 silly audit report       cwe: [Array],
22 silly audit report       cvss: [Object]
22 silly audit report     }
22 silly audit report   ],
22 silly audit report   qs: [
22 silly audit report     {
22 silly audit report       id: 1113719,
22 silly audit report       url: 'https://github.com/advisories/GHSA-6rw7-vpxm-498p',
22 silly audit report       title: "qs's arrayLimit bypass in its bracket notation allows DoS via memory exhaustion",
22 silly audit report       severity: 'moderate',
22 silly audit report       vulnerable_versions: '<6.14.1',
22 silly audit report       cwe: [Array],
22 silly audit report       cvss: [Object]
22 silly audit report     }
22 silly audit report   ],
22 silly audit report   uuid: [
22 silly audit report     {
22 silly audit report       id: 1119441,
22 silly audit report       url: 'https://github.com/advisories/GHSA-w5hq-g745-h8pq',
22 silly audit report       title: 'uuid: Missing buffer bounds check in v3/v5/v6 when buf is provided',
22 silly audit report       severity: 'moderate',
22 silly audit report       vulnerable_versions: '<11.1.1',
22 silly audit report       cwe: [Array],
22 silly audit report       cvss: [Object]
22 silly audit report     }
22 silly audit report   ],
22 silly audit report   sharp: [
22 silly audit report     {
22 silly audit report       id: 1124066,
22 silly audit report       url: 'https://github.com/advisories/GHSA-f88m-g3jw-g9cj',
22 silly audit report       title: 'sharp inherited vulnerabilities in libvips: CVE-2026-33327, CVE-2026-33328, CVE-2026-35590, CVE-2026-35591',
22 silly audit report       severity: 'high',
22 silly audit report       vulnerable_versions: '<0.35.0',
22 silly audit report       cwe: [Array],
22 silly audit report       cvss: [Object]
22 silly audit report     }
22 silly audit report   ],
22 silly audit report   undici: [
22 silly audit report     {
22 silly audit report       id: 1130715,
22 silly audit report       url: 'https://github.com/advisories/GHSA-8xcm-r25x-g524',
22 silly audit report       title: 'undici vulnerable to downstream response desynchronization via retry interceptor',
22 silly audit report       severity: 'moderate',
22 silly audit report       vulnerable_versions: '>=7.0.0 <7.29.0',
22 silly audit report       cwe: [Array],
22 silly audit report       cvss: [Object]
22 silly audit report     },
22 silly audit report     {
22 silly audit report       id: 1130718,
22 silly audit report       url: 'https://github.com/advisories/GHSA-4cwx-7wf7-3272',
22 silly audit report       title: 'undici vulnerable to cross-user information disclosure and parse-time crash via degenerate private cache directives',
22 silly audit report       severity: 'high',
22 silly audit report       vulnerable_versions: '>=7.0.0 <7.29.0',
22 silly audit report       cwe: [Array],
22 silly audit report       cvss: [Object]
22 silly audit report     },
22 silly audit report     {
22 silly audit report       id: 1130726,
22 silly audit report       url: 'https://github.com/advisories/GHSA-m8rv-5g2x-5cg5',
22 silly audit report       title: "undici vulnerable to CRLF Injection via blob-like body 'type' property",
22 silly audit report       severity: 'moderate',
22 silly audit report       vulnerable_versions: '>=7.0.0 <7.29.0',
22 silly audit report       cwe: [Array],
22 silly audit report       cvss: [Object]
22 silly audit report     },
22 silly audit report     {
22 silly audit report       id: 1130729,
22 silly audit report       url: 'https://github.com/advisories/GHSA-jr45-8vmc-qm54',
22 silly audit report       title: 'undici vulnerable to cross-user information disclosure via whitespace around equals in Cache-Control directives',
22 silly audit report       severity: 'moderate',
22 silly audit report       vulnerable_versions: '>=7.0.0 <7.29.0',
22 silly audit report       cwe: [Array],
22 silly audit report       cvss: [Object]
22 silly audit report     },
22 silly audit report     {
22 silly audit report       id: 1130731,
22 silly audit report       url: 'https://github.com/advisories/GHSA-v3r7-h72x-cjcm',
22 silly audit report       title: 'undici vulnerable to cookie attribute injection via unsanitized domain and unparsed setCookie fields',
22 silly audit report       severity: 'moderate',
22 silly audit report       vulnerable_versions: '>=7.0.0 <7.29.0',
22 silly audit report       cwe: [Array],
22 silly audit report       cvss: [Object]
22 silly audit report     }
22 silly audit report   ]
22 silly audit report }
23 silly packumentCache corgi:https://registry.npmjs.org/file-type cache-miss
24 silly packumentCache corgi:https://registry.npmjs.org/axios cache-miss
25 silly packumentCache corgi:https://registry.npmjs.org/brace-expansion cache-miss
26 silly packumentCache corgi:https://registry.npmjs.org/cookie cache-miss
27 silly packumentCache corgi:https://registry.npmjs.org/form-data cache-miss
28 silly packumentCache corgi:https://registry.npmjs.org/yargs-parser cache-miss
29 silly packumentCache corgi:https://registry.npmjs.org/tough-cookie cache-miss
30 silly packumentCache corgi:https://registry.npmjs.org/jsonpath-plus cache-miss
31 silly packumentCache corgi:https://registry.npmjs.org/protobufjs cache-miss
32 silly packumentCache corgi:https://registry.npmjs.org/link-preview-js cache-miss
33 silly packumentCache corgi:https://registry.npmjs.org/minimatch cache-miss
34 silly packumentCache corgi:https://registry.npmjs.org/request cache-miss
35 silly packumentCache corgi:https://registry.npmjs.org/qs cache-miss
36 silly packumentCache corgi:https://registry.npmjs.org/uuid cache-miss
37 silly packumentCache corgi:https://registry.npmjs.org/sharp cache-miss
38 silly packumentCache corgi:https://registry.npmjs.org/undici cache-miss
39 http fetch GET 200 https://registry.npmjs.org/file-type 901ms (cache revalidated)
40 silly packumentCache corgi:https://registry.npmjs.org/file-type set size:198411 disposed:false
41 http fetch GET 200 https://registry.npmjs.org/brace-expansion 1002ms (cache revalidated)
42 silly packumentCache corgi:https://registry.npmjs.org/brace-expansion set size:34964 disposed:false
43 http fetch GET 200 https://registry.npmjs.org/cookie 1009ms (cache revalidated)
44 silly packumentCache corgi:https://registry.npmjs.org/cookie set size:25657 disposed:false
45 http fetch GET 200 https://registry.npmjs.org/axios 1021ms (cache revalidated)
46 silly packumentCache corgi:https://registry.npmjs.org/axios set size:299759 disposed:false
47 http fetch GET 200 https://registry.npmjs.org/link-preview-js 1391ms (cache revalidated)
48 silly packumentCache corgi:https://registry.npmjs.org/link-preview-js set size:79932 disposed:false
49 http fetch GET 200 https://registry.npmjs.org/jsonpath-plus 1403ms (cache revalidated)
50 silly packumentCache corgi:https://registry.npmjs.org/jsonpath-plus set size:87378 disposed:false
51 http fetch GET 200 https://registry.npmjs.org/tough-cookie 1408ms (cache revalidated)
52 silly packumentCache corgi:https://registry.npmjs.org/tough-cookie set size:57569 disposed:false
53 http fetch GET 200 https://registry.npmjs.org/protobufjs 1417ms (cache revalidated)
54 silly packumentCache corgi:https://registry.npmjs.org/protobufjs set size:290179 disposed:false
55 http fetch GET 200 https://registry.npmjs.org/qs 1502ms (cache revalidated)
56 silly packumentCache corgi:https://registry.npmjs.org/qs set size:148003 disposed:false
57 http fetch GET 200 https://registry.npmjs.org/undici 1586ms (cache revalidated)
58 silly packumentCache corgi:https://registry.npmjs.org/undici set size:455439 disposed:false
59 http fetch GET 200 https://registry.npmjs.org/form-data 1699ms (cache revalidated)
60 silly packumentCache corgi:https://registry.npmjs.org/form-data set size:55002 disposed:false
61 http fetch GET 200 https://registry.npmjs.org/uuid 1699ms (cache revalidated)
62 silly packumentCache corgi:https://registry.npmjs.org/uuid set size:82973 disposed:false
63 http fetch GET 200 https://registry.npmjs.org/minimatch 1705ms (cache revalidated)
64 silly packumentCache corgi:https://registry.npmjs.org/minimatch set size:169442 disposed:false
65 http fetch GET 200 https://registry.npmjs.org/yargs-parser 1713ms (cache revalidated)
66 silly packumentCache corgi:https://registry.npmjs.org/yargs-parser set size:114022 disposed:false
67 http fetch GET 200 https://registry.npmjs.org/request 1783ms (cache revalidated)
68 silly packumentCache corgi:https://registry.npmjs.org/request set size:129997 disposed:false
69 http fetch GET 200 https://registry.npmjs.org/sharp 1790ms (cache revalidated)
70 silly packumentCache corgi:https://registry.npmjs.org/sharp set size:291503 disposed:false
71 silly packumentCache corgi:https://registry.npmjs.org/translate-google-api cache-miss
72 http fetch GET 200 https://registry.npmjs.org/translate-google-api 216ms (cache revalidated)
73 silly packumentCache corgi:https://registry.npmjs.org/translate-google-api set size:7548 disposed:false
74 silly packumentCache corgi:https://registry.npmjs.org/google-tts-api cache-miss
75 http fetch GET 200 https://registry.npmjs.org/google-tts-api 233ms (cache revalidated)
76 silly packumentCache corgi:https://registry.npmjs.org/google-tts-api set size:13872 disposed:false
77 silly packumentCache corgi:https://registry.npmjs.org/set-cookie cache-miss
78 http fetch GET 200 https://registry.npmjs.org/set-cookie 220ms (cache revalidated)
79 silly packumentCache corgi:https://registry.npmjs.org/set-cookie set size:2703 disposed:false
80 silly packumentCache corgi:https://registry.npmjs.org/yargs cache-miss
81 http fetch GET 200 https://registry.npmjs.org/yargs 30ms (cache revalidated)
82 silly packumentCache corgi:https://registry.npmjs.org/yargs set size:349216 disposed:false
83 silly packumentCache corgi:https://registry.npmjs.org/youtube-yts cache-miss
84 http fetch GET 200 https://registry.npmjs.org/youtube-yts 216ms (cache revalidated)
85 silly packumentCache corgi:https://registry.npmjs.org/youtube-yts set size:2250 disposed:false
86 silly packumentCache corgi:https://registry.npmjs.org/libsignal cache-miss
87 http fetch GET 200 https://registry.npmjs.org/libsignal 55ms (cache revalidated)
88 silly packumentCache corgi:https://registry.npmjs.org/libsignal set size:11288 disposed:false
89 silly packumentCache corgi:https://registry.npmjs.org/@whiskeysockets%2fbaileys cache-miss
90 http fetch GET 200 https://registry.npmjs.org/@whiskeysockets%2fbaileys 264ms (cache revalidated)
91 silly packumentCache corgi:https://registry.npmjs.org/@whiskeysockets%2fbaileys set size:106632 disposed:false
92 silly packumentCache corgi:https://registry.npmjs.org/redstar cache-miss
93 http fetch GET 200 https://registry.npmjs.org/redstar 251ms (cache revalidated)
94 silly packumentCache corgi:https://registry.npmjs.org/redstar set size:1262 disposed:false
95 silly packumentCache corgi:https://registry.npmjs.org/gtts cache-miss
96 http fetch GET 200 https://registry.npmjs.org/gtts 239ms (cache revalidated)
97 silly packumentCache corgi:https://registry.npmjs.org/gtts set size:2461 disposed:false
98 silly packumentCache corgi:https://registry.npmjs.org/@distube%2fytdl-core cache-miss
99 silly packumentCache corgi:https://registry.npmjs.org/cheerio cache-miss
100 silly packumentCache corgi:https://registry.npmjs.org/http-cookie-agent cache-miss
101 http fetch GET 200 https://registry.npmjs.org/http-cookie-agent 105ms (cache revalidated)
102 silly packumentCache corgi:https://registry.npmjs.org/http-cookie-agent set size:72793 disposed:false
103 http fetch GET 200 https://registry.npmjs.org/cheerio 133ms (cache revalidated)
104 silly packumentCache corgi:https://registry.npmjs.org/cheerio set size:70560 disposed:false
105 http fetch GET 200 https://registry.npmjs.org/@distube%2fytdl-core 508ms (cache revalidated)
106 silly packumentCache corgi:https://registry.npmjs.org/@distube%2fytdl-core set size:73698 disposed:false
107 silly packumentCache corgi:https://registry.npmjs.org/node-fzf cache-miss
108 http fetch GET 200 https://registry.npmjs.org/node-fzf 209ms (cache revalidated)
109 silly packumentCache corgi:https://registry.npmjs.org/node-fzf set size:42290 disposed:false
110 silly packumentCache corgi:https://registry.npmjs.org/yt-search cache-miss
111 http fetch GET 200 https://registry.npmjs.org/yt-search 271ms (cache revalidated)
112 silly packumentCache corgi:https://registry.npmjs.org/yt-search set size:126336 disposed:false
113 silly packumentCache corgi:https://registry.npmjs.org/ruhend-scraper cache-miss
114 http fetch GET 200 https://registry.npmjs.org/ruhend-scraper 213ms (cache revalidated)
115 silly packumentCache corgi:https://registry.npmjs.org/ruhend-scraper set size:20653 disposed:false
116 warn install-scripts 5 packages had install scripts blocked because they are not covered by allowScripts:
116 warn install-scripts   @whiskeysockets/baileys@7.0.0-rc13 (preinstall: node ./engine-requirements.js)
116 warn install-scripts   es5-ext@0.10.64 (postinstall:  node -e "try{require('./_postinstall')}catch(e){}" || exit 0)
116 warn install-scripts   protobufjs@6.8.8 (postinstall: node scripts/postinstall)
116 warn install-scripts   protobufjs@7.6.4 (postinstall: node scripts/postinstall)
116 warn install-scripts   sharp@0.33.5 (install: node install/check)
116 warn install-scripts
116 warn install-scripts Run `npm install-scripts ls` to review, or `npm install-scripts approve <pkg>` to allow.
117 verbose cwd /home/container
118 verbose os Linux 6.8.0-63-generic
119 verbose node v24.18.1
120 verbose npm  v12.0.2
121 verbose exit 0
122 info ok
